// Jest Snapshot v1, https://goo.gl/fbAQLP

exports[`ClearButton test ClearButton should match snapshot 1`] = `
<div
  className="sc-dlnjwi cvjzis"
>
  <span
    className="sc-gtsrHT jOoloQ"
  >
    0
     Tasks
  </span>
  <p
    className="sc-bdnxRM ckcDZN clear"
    onClick={[Function]}
  >
    Clear List
  </p>
</div>
`;
