// Jest Snapshot v1, https://goo.gl/fbAQLP

exports[`TaskItem test TaskItem should match snapshot 1`] = `
<div
  className="sc-eCApnc eqSazG"
  onClick={[Function]}
>
  <div
    className="sc-gKAaRy kioxeA"
  >
    <div
      checked={true}
      className="sc-jSFjdj bvyQBQ"
    >
      <svg
        className="sc-iCoGMd fAZMah"
        viewBox="0 0 24 24"
      >
        <polyline
          points="20 6 9 17 4 12"
        />
      </svg>
    </div>
  </div>
  <p
    checked={true}
    className="sc-fujyAs dJAvq"
  >
    title
  </p>
  <span
    className="sc-pNWdM fNELWa"
  >
    5:07 pm
  </span>
</div>
`;
