// Jest Snapshot v1, https://goo.gl/fbAQLP

exports[`TaskItem test TaskItem should match snapshot 1`] = `
<div
  className="sc-eCApnc eqSazG"
  onClick={[Function]}
>
  <div
    className="sc-gKAaRy kioxeA"
  >
    <div
      checked={false}
      className="sc-jSFjdj egBuVt"
    />
  </div>
  <p
    checked={false}
    className="sc-fujyAs clfZMC"
  />
  <span
    className="sc-pNWdM fNELWa"
  >
    4:07 pm
  </span>
</div>
`;
