// Jest Snapshot v1, https://goo.gl/fbAQLP

exports[`HeaderDate test HeaderDate should match snapshot 1`] = `
<div
  className="sc-hKFxyN eUBRzi"
>
  <div
    className="sc-gtsrHT dhDFSK"
  >
    <p
      className="sc-bdnxRM eEyHpk"
    >
      Monday,
    </p>
    <p
      className="sc-bdnxRM jORmTa"
    >
       12th
    </p>
  </div>
  <p
    className="sc-dlnjwi bkiDZf"
  >
    July
  </p>
</div>
`;
